Warning: You are sending unauthenticated requests to the HF Hub. Please set a HF_TOKEN to enable higher rate limits and faster downloads.
[dann] step 200/18740 loss_y=0.2857 loss_d=0.1098 lr=0.00927 (11s)
[dann] step 400/18740 loss_y=0.0784 loss_d=0.2500 lr=0.00865 (12s)
[dann] step 600/18740 loss_y=0.0499 loss_d=0.1516 lr=0.00812 (14s)
[dann] step 800/18740 loss_y=0.0448 loss_d=0.1878 lr=0.00766 (16s)
[dann] step 1000/18740 loss_y=0.0485 loss_d=0.1123 lr=0.00726 (38s)
[dann] step 1200/18740 loss_y=0.0856 loss_d=0.1699 lr=0.00690 (40s)
[dann] step 1400/18740 loss_y=0.0366 loss_d=0.1413 lr=0.00658 (41s)
[dann] step 1600/18740 loss_y=0.0520 loss_d=0.1371 lr=0.00630 (43s)
[dann] step 1800/18740 loss_y=0.0321 loss_d=0.1849 lr=0.00604 (45s)
[dann] step 2000/18740 loss_y=0.1441 loss_d=0.4957 lr=0.00580 (65s)
[dann] step 2200/18740 loss_y=0.3237 loss_d=0.1683 lr=0.00559 (67s)
[dann] step 2400/18740 loss_y=0.1669 loss_d=0.2017 lr=0.00539 (69s)
[dann] step 2600/18740 loss_y=0.0201 loss_d=0.2254 lr=0.00521 (70s)
[dann] step 2800/18740 loss_y=0.1451 loss_d=0.2796 lr=0.00504 (79s)
[dann] step 3000/18740 loss_y=0.0522 loss_d=0.2555 lr=0.00488 (95s)
[dann] step 3200/18740 loss_y=0.1067 loss_d=0.3086 lr=0.00474 (97s)
[dann] step 3400/18740 loss_y=0.0640 loss_d=0.2655 lr=0.00460 (99s)
[dann] step 3600/18740 loss_y=0.0126 loss_d=0.2501 lr=0.00448 (101s)
[dann] step 3800/18740 loss_y=0.0971 loss_d=0.6045 lr=0.00436 (123s)
[dann] step 4000/18740 loss_y=0.1710 loss_d=0.3724 lr=0.00425 (125s)
[dann] step 4200/18740 loss_y=0.0659 loss_d=0.3584 lr=0.00414 (127s)
[dann] step 4400/18740 loss_y=0.0863 loss_d=0.1748 lr=0.00404 (129s)
[dann] step 4600/18740 loss_y=0.0846 loss_d=0.2866 lr=0.00395 (131s)
[dann] step 4800/18740 loss_y=0.0139 loss_d=0.3156 lr=0.00386 (157s)
[dann] step 5000/18740 loss_y=0.1039 loss_d=0.3163 lr=0.00377 (159s)
[dann] step 5200/18740 loss_y=0.0543 loss_d=0.5282 lr=0.00369 (161s)
[dann] step 5400/18740 loss_y=0.0550 loss_d=0.4518 lr=0.00362 (164s)
[dann] step 5600/18740 loss_y=0.0440 loss_d=0.5426 lr=0.00354 (166s)
[dann] step 5800/18740 loss_y=0.1671 loss_d=0.5142 lr=0.00347 (189s)
[dann] step 6000/18740 loss_y=0.1526 loss_d=0.6440 lr=0.00341 (192s)
[dann] step 6200/18740 loss_y=0.0100 loss_d=0.2448 lr=0.00334 (194s)
[dann] step 6400/18740 loss_y=0.0969 loss_d=0.2326 lr=0.00328 (197s)
[dann] step 6600/18740 loss_y=0.0762 loss_d=0.4020 lr=0.00323 (219s)
[dann] step 6800/18740 loss_y=0.1657 loss_d=0.3752 lr=0.00317 (221s)
[dann] step 7000/18740 loss_y=0.1032 loss_d=0.4192 lr=0.00312 (223s)
[dann] step 7200/18740 loss_y=0.0397 loss_d=0.3846 lr=0.00306 (225s)
[dann] step 7400/18740 loss_y=0.0499 loss_d=0.6452 lr=0.00301 (227s)
[dann] step 7600/18740 loss_y=0.1417 loss_d=0.5481 lr=0.00297 (248s)
[dann] step 7800/18740 loss_y=0.1013 loss_d=0.2644 lr=0.00292 (251s)
[dann] step 8000/18740 loss_y=0.1024 loss_d=0.4528 lr=0.00288 (253s)
[dann] step 8200/18740 loss_y=0.1126 loss_d=0.5085 lr=0.00283 (255s)
[dann] step 8400/18740 loss_y=0.1317 loss_d=0.2810 lr=0.00279 (257s)
[dann] step 8600/18740 loss_y=0.0278 loss_d=0.3448 lr=0.00275 (277s)
[dann] step 8800/18740 loss_y=0.0961 loss_d=0.4884 lr=0.00271 (279s)
[dann] step 9000/18740 loss_y=0.0241 loss_d=0.4054 lr=0.00267 (281s)
[dann] step 9200/18740 loss_y=0.0295 loss_d=0.3639 lr=0.00264 (284s)
[dann] step 9400/18740 loss_y=0.0564 loss_d=0.5356 lr=0.00260 (304s)
[dann] step 9600/18740 loss_y=0.0177 loss_d=0.4123 lr=0.00257 (306s)
[dann] step 9800/18740 loss_y=0.0200 loss_d=0.4682 lr=0.00254 (308s)
[dann] step 10000/18740 loss_y=0.0195 loss_d=0.4119 lr=0.00250 (310s)
[dann] step 10200/18740 loss_y=0.0321 loss_d=0.5350 lr=0.00247 (313s)
[dann] step 10400/18740 loss_y=0.0130 loss_d=0.5634 lr=0.00244 (333s)
[dann] step 10600/18740 loss_y=0.1628 loss_d=0.5095 lr=0.00241 (335s)
[dann] step 10800/18740 loss_y=0.1210 loss_d=0.5503 lr=0.00238 (337s)
[dann] step 11000/18740 loss_y=0.0378 loss_d=0.6192 lr=0.00236 (339s)
[dann] step 11200/18740 loss_y=0.0185 loss_d=0.4964 lr=0.00233 (341s)
[dann] step 11400/18740 loss_y=0.1021 loss_d=0.5340 lr=0.00230 (362s)
[dann] step 11600/18740 loss_y=0.0043 loss_d=0.5638 lr=0.00228 (364s)
[dann] step 11800/18740 loss_y=0.1809 loss_d=0.4783 lr=0.00225 (366s)
[dann] step 12000/18740 loss_y=0.4463 loss_d=0.5726 lr=0.00223 (368s)
[dann] step 12200/18740 loss_y=0.0770 loss_d=0.5532 lr=0.00220 (389s)
[dann] step 12400/18740 loss_y=0.0775 loss_d=0.5448 lr=0.00218 (391s)
[dann] step 12600/18740 loss_y=0.0866 loss_d=0.5197 lr=0.00216 (393s)
[dann] step 12800/18740 loss_y=0.0199 loss_d=0.5905 lr=0.00214 (395s)
[dann] step 13000/18740 loss_y=0.0374 loss_d=0.5261 lr=0.00211 (397s)
[dann] step 13200/18740 loss_y=0.0222 loss_d=0.5675 lr=0.00209 (419s)
[dann] step 13400/18740 loss_y=0.0765 loss_d=0.5372 lr=0.00207 (421s)
[dann] step 13600/18740 loss_y=0.0618 loss_d=0.5810 lr=0.00205 (422s)
[dann] step 13800/18740 loss_y=0.1103 loss_d=0.5451 lr=0.00203 (424s)
[dann] step 14000/18740 loss_y=0.0311 loss_d=0.5509 lr=0.00201 (427s)
[dann] step 14200/18740 loss_y=0.0563 loss_d=0.4761 lr=0.00200 (447s)
[dann] step 14400/18740 loss_y=0.0571 loss_d=0.5533 lr=0.00198 (448s)
[dann] step 14600/18740 loss_y=0.1758 loss_d=0.5874 lr=0.00196 (450s)
[dann] step 14800/18740 loss_y=0.0591 loss_d=0.4693 lr=0.00194 (452s)
[dann] step 15000/18740 loss_y=0.0748 loss_d=0.5961 lr=0.00192 (472s)
[dann] step 15200/18740 loss_y=0.0545 loss_d=0.4915 lr=0.00191 (474s)
[dann] step 15400/18740 loss_y=0.0815 loss_d=0.5943 lr=0.00189 (476s)
[dann] step 15600/18740 loss_y=0.0912 loss_d=0.5143 lr=0.00187 (478s)
[dann] step 15800/18740 loss_y=0.0060 loss_d=0.5330 lr=0.00186 (480s)
[dann] step 16000/18740 loss_y=0.0168 loss_d=0.5990 lr=0.00184 (500s)
[dann] step 16200/18740 loss_y=0.0854 loss_d=0.4343 lr=0.00183 (502s)
[dann] step 16400/18740 loss_y=0.2377 loss_d=0.5670 lr=0.00181 (504s)
[dann] step 16600/18740 loss_y=0.0483 loss_d=0.5877 lr=0.00180 (506s)
[dann] step 16800/18740 loss_y=0.0836 loss_d=0.5950 lr=0.00178 (508s)
[dann] step 17000/18740 loss_y=0.0600 loss_d=0.5540 lr=0.00177 (528s)
[dann] step 17200/18740 loss_y=0.0911 loss_d=0.5753 lr=0.00175 (530s)
[dann] step 17400/18740 loss_y=0.0383 loss_d=0.5463 lr=0.00174 (531s)
[dann] step 17600/18740 loss_y=0.0505 loss_d=0.5123 lr=0.00173 (533s)
[dann] step 17800/18740 loss_y=0.0779 loss_d=0.5961 lr=0.00171 (542s)
[dann] step 18000/18740 loss_y=0.0152 loss_d=0.5722 lr=0.00170 (554s)
[dann] step 18200/18740 loss_y=0.1243 loss_d=0.5818 lr=0.00169 (556s)
[dann] step 18400/18740 loss_y=0.0330 loss_d=0.5356 lr=0.00168 (557s)
[dann] step 18600/18740 loss_y=0.0261 loss_d=0.5819 lr=0.00166 (559s)
[dann] step 18740/18740 loss_y=0.0881 loss_d=0.4900 lr=0.00166 (567s)
{
  "method": "dann",
  "source": "mnist",
  "target": "mnist_m",
  "seed": 44,
  "epochs": 20,
  "steps": 18740,
  "norm": "mean",
  "norm_mean": [
    0.293035,
    0.295113,
    0.268403
  ],
  "source_test_acc": 0.9802,
  "target_test_acc": 0.6931452060882124,
  "train_seconds": 568.1,
  "environment": {
    "python": "3.14.7",
    "os": "Windows-11-10.0.26200-SP0",
    "torch": "2.14.0+cu130",
    "cuda": "13.0",
    "cudnn": 92400,
    "device": "NVIDIA RTX A4000 Laptop GPU",
    "git_commit": "9a47c8b"
  }
}
