Warning: You are sending unauthenticated requests to the HF Hub. Please set a HF_TOKEN to enable higher rate limits and faster downloads.
[dann] step 200/18740 loss_y=0.5232 loss_d=0.2150 lr=0.00927 (11s)
[dann] step 400/18740 loss_y=0.1172 loss_d=0.3421 lr=0.00865 (13s)
[dann] step 600/18740 loss_y=0.1544 loss_d=0.2017 lr=0.00812 (15s)
[dann] step 800/18740 loss_y=0.1699 loss_d=0.1913 lr=0.00766 (17s)
[dann] step 1000/18740 loss_y=0.0813 loss_d=0.0912 lr=0.00726 (38s)
[dann] step 1200/18740 loss_y=0.1697 loss_d=0.1988 lr=0.00690 (40s)
[dann] step 1400/18740 loss_y=0.0914 loss_d=0.0735 lr=0.00658 (42s)
[dann] step 1600/18740 loss_y=0.0375 loss_d=0.1816 lr=0.00630 (45s)
[dann] step 1800/18740 loss_y=0.1150 loss_d=0.1372 lr=0.00604 (47s)
[dann] step 2000/18740 loss_y=0.0204 loss_d=0.1120 lr=0.00580 (68s)
[dann] step 2200/18740 loss_y=0.0350 loss_d=0.1872 lr=0.00559 (70s)
[dann] step 2400/18740 loss_y=0.1181 loss_d=0.1409 lr=0.00539 (72s)
[dann] step 2600/18740 loss_y=0.1746 loss_d=0.2875 lr=0.00521 (74s)
[dann] step 2800/18740 loss_y=0.0221 loss_d=0.1049 lr=0.00504 (83s)
[dann] step 3000/18740 loss_y=0.1036 loss_d=0.1369 lr=0.00488 (95s)
[dann] step 3200/18740 loss_y=0.0576 loss_d=0.1581 lr=0.00474 (97s)
[dann] step 3400/18740 loss_y=0.0111 loss_d=0.2351 lr=0.00460 (98s)
[dann] step 3600/18740 loss_y=0.0190 loss_d=0.3158 lr=0.00448 (100s)
[dann] step 3800/18740 loss_y=0.0626 loss_d=0.2940 lr=0.00436 (120s)
[dann] step 4000/18740 loss_y=0.0858 loss_d=0.5134 lr=0.00425 (122s)
[dann] step 4200/18740 loss_y=0.1276 loss_d=0.1554 lr=0.00414 (123s)
[dann] step 4400/18740 loss_y=0.1530 loss_d=0.3254 lr=0.00404 (125s)
[dann] step 4600/18740 loss_y=0.1114 loss_d=0.4251 lr=0.00395 (127s)
[dann] step 4800/18740 loss_y=0.0855 loss_d=0.2011 lr=0.00386 (146s)
[dann] step 5000/18740 loss_y=0.3106 loss_d=0.3973 lr=0.00377 (148s)
[dann] step 5200/18740 loss_y=0.3233 loss_d=0.3807 lr=0.00369 (149s)
[dann] step 5400/18740 loss_y=0.0742 loss_d=0.5366 lr=0.00362 (151s)
[dann] step 5600/18740 loss_y=0.0168 loss_d=0.6198 lr=0.00354 (153s)
[dann] step 5800/18740 loss_y=0.0311 loss_d=0.1681 lr=0.00347 (175s)
[dann] step 6000/18740 loss_y=0.2116 loss_d=0.4895 lr=0.00341 (177s)
[dann] step 6200/18740 loss_y=0.1137 loss_d=0.4915 lr=0.00334 (179s)
[dann] step 6400/18740 loss_y=0.0574 loss_d=0.6883 lr=0.00328 (182s)
[dann] step 6600/18740 loss_y=0.2438 loss_d=0.4886 lr=0.00323 (204s)
[dann] step 6800/18740 loss_y=0.1459 loss_d=0.5523 lr=0.00317 (206s)
[dann] step 7000/18740 loss_y=0.1131 loss_d=0.5861 lr=0.00312 (208s)
[dann] step 7200/18740 loss_y=0.1038 loss_d=0.5642 lr=0.00306 (210s)
[dann] step 7400/18740 loss_y=0.0943 loss_d=0.5445 lr=0.00301 (213s)
[dann] step 7600/18740 loss_y=0.1999 loss_d=0.4854 lr=0.00297 (235s)
[dann] step 7800/18740 loss_y=0.1302 loss_d=0.5677 lr=0.00292 (237s)
[dann] step 8000/18740 loss_y=0.0852 loss_d=0.7942 lr=0.00288 (239s)
[dann] step 8200/18740 loss_y=0.0289 loss_d=0.2333 lr=0.00283 (242s)
[dann] step 8400/18740 loss_y=0.1472 loss_d=0.5142 lr=0.00279 (244s)
[dann] step 8600/18740 loss_y=0.0692 loss_d=0.5270 lr=0.00275 (266s)
[dann] step 8800/18740 loss_y=0.0963 loss_d=0.4976 lr=0.00271 (268s)
[dann] step 9000/18740 loss_y=0.0607 loss_d=0.6047 lr=0.00267 (270s)
[dann] step 9200/18740 loss_y=0.0746 loss_d=0.5513 lr=0.00264 (273s)
[dann] step 9400/18740 loss_y=0.0212 loss_d=0.5935 lr=0.00260 (294s)
[dann] step 9600/18740 loss_y=0.0851 loss_d=0.6538 lr=0.00257 (296s)
[dann] step 9800/18740 loss_y=0.0591 loss_d=0.4273 lr=0.00254 (298s)
[dann] step 10000/18740 loss_y=0.0201 loss_d=0.3350 lr=0.00250 (300s)
[dann] step 10200/18740 loss_y=0.0164 loss_d=0.4506 lr=0.00247 (302s)
[dann] step 10400/18740 loss_y=0.0292 loss_d=0.6154 lr=0.00244 (324s)
[dann] step 10600/18740 loss_y=0.0214 loss_d=0.5286 lr=0.00241 (326s)
[dann] step 10800/18740 loss_y=0.0132 loss_d=0.6207 lr=0.00238 (327s)
[dann] step 11000/18740 loss_y=0.0834 loss_d=0.6176 lr=0.00236 (329s)
[dann] step 11200/18740 loss_y=0.1084 loss_d=0.6513 lr=0.00233 (331s)
[dann] step 11400/18740 loss_y=0.0514 loss_d=0.5818 lr=0.00230 (350s)
[dann] step 11600/18740 loss_y=0.0794 loss_d=0.6679 lr=0.00228 (352s)
[dann] step 11800/18740 loss_y=0.0677 loss_d=0.6665 lr=0.00225 (354s)
[dann] step 12000/18740 loss_y=0.0853 loss_d=0.6514 lr=0.00223 (355s)
[dann] step 12200/18740 loss_y=0.0607 loss_d=0.6119 lr=0.00220 (375s)
[dann] step 12400/18740 loss_y=0.0211 loss_d=0.5838 lr=0.00218 (378s)
[dann] step 12600/18740 loss_y=0.0268 loss_d=0.5784 lr=0.00216 (380s)
[dann] step 12800/18740 loss_y=0.0499 loss_d=0.5710 lr=0.00214 (382s)
[dann] step 13000/18740 loss_y=0.0804 loss_d=0.6415 lr=0.00211 (384s)
[dann] step 13200/18740 loss_y=0.0624 loss_d=0.6436 lr=0.00209 (406s)
[dann] step 13400/18740 loss_y=0.0402 loss_d=0.5997 lr=0.00207 (409s)
[dann] step 13600/18740 loss_y=0.0327 loss_d=0.5667 lr=0.00205 (411s)
[dann] step 13800/18740 loss_y=0.0315 loss_d=0.6125 lr=0.00203 (413s)
[dann] step 14000/18740 loss_y=0.0798 loss_d=0.5535 lr=0.00201 (415s)
[dann] step 14200/18740 loss_y=0.1162 loss_d=0.5611 lr=0.00200 (437s)
[dann] step 14400/18740 loss_y=0.0343 loss_d=0.6069 lr=0.00198 (439s)
[dann] step 14600/18740 loss_y=0.0703 loss_d=0.6175 lr=0.00196 (441s)
[dann] step 14800/18740 loss_y=0.0654 loss_d=0.5919 lr=0.00194 (444s)
[dann] step 15000/18740 loss_y=0.0892 loss_d=0.5746 lr=0.00192 (465s)
[dann] step 15200/18740 loss_y=0.1354 loss_d=0.5635 lr=0.00191 (467s)
[dann] step 15400/18740 loss_y=0.0639 loss_d=0.6084 lr=0.00189 (469s)
[dann] step 15600/18740 loss_y=0.0352 loss_d=0.5467 lr=0.00187 (472s)
[dann] step 15800/18740 loss_y=0.0628 loss_d=0.6301 lr=0.00186 (474s)
[dann] step 16000/18740 loss_y=0.0763 loss_d=0.6006 lr=0.00184 (494s)
[dann] step 16200/18740 loss_y=0.0327 loss_d=0.5488 lr=0.00183 (496s)
[dann] step 16400/18740 loss_y=0.1198 loss_d=0.6099 lr=0.00181 (497s)
[dann] step 16600/18740 loss_y=0.1001 loss_d=0.6088 lr=0.00180 (499s)
[dann] step 16800/18740 loss_y=0.1368 loss_d=0.5729 lr=0.00178 (501s)
[dann] step 17000/18740 loss_y=0.0229 loss_d=0.6552 lr=0.00177 (520s)
[dann] step 17200/18740 loss_y=0.0056 loss_d=0.5633 lr=0.00175 (521s)
[dann] step 17400/18740 loss_y=0.0801 loss_d=0.6141 lr=0.00174 (523s)
[dann] step 17600/18740 loss_y=0.0803 loss_d=0.6441 lr=0.00173 (525s)
[dann] step 17800/18740 loss_y=0.0322 loss_d=0.5579 lr=0.00171 (535s)
[dann] step 18000/18740 loss_y=0.1922 loss_d=0.5719 lr=0.00170 (548s)
[dann] step 18200/18740 loss_y=0.0869 loss_d=0.6959 lr=0.00169 (549s)
[dann] step 18400/18740 loss_y=0.0411 loss_d=0.5326 lr=0.00168 (551s)
[dann] step 18600/18740 loss_y=0.0375 loss_d=0.6868 lr=0.00166 (553s)
[dann] step 18740/18740 loss_y=0.0304 loss_d=0.5948 lr=0.00166 (562s)
{
  "method": "dann",
  "source": "mnist",
  "target": "mnist_m",
  "seed": 42,
  "epochs": 20,
  "steps": 18740,
  "norm": "mean",
  "norm_mean": [
    0.293035,
    0.295113,
    0.268403
  ],
  "source_test_acc": 0.981,
  "target_test_acc": 0.6859237862459727,
  "train_seconds": 562.2,
  "environment": {
    "python": "3.14.7",
    "os": "Windows-11-10.0.26200-SP0",
    "torch": "2.14.0+cu130",
    "cuda": "13.0",
    "cudnn": 92400,
    "device": "NVIDIA RTX A4000 Laptop GPU",
    "git_commit": "0c39ee8"
  }
}
