[dann] step 200/18740 loss_y=0.3736 loss_d=0.1891 lr=0.00927 (13s)
[dann] step 400/18740 loss_y=0.3872 loss_d=0.2768 lr=0.00865 (16s)
[dann] step 600/18740 loss_y=0.3252 loss_d=0.1150 lr=0.00812 (18s)
[dann] step 800/18740 loss_y=0.2504 loss_d=0.2259 lr=0.00766 (21s)
[dann] step 1000/18740 loss_y=0.0388 loss_d=0.2063 lr=0.00726 (48s)
[dann] step 1200/18740 loss_y=0.1083 loss_d=0.1572 lr=0.00690 (50s)
[dann] step 1400/18740 loss_y=0.0233 loss_d=0.2256 lr=0.00658 (53s)
[dann] step 1600/18740 loss_y=0.1149 loss_d=0.1295 lr=0.00630 (56s)
[dann] step 1800/18740 loss_y=0.0374 loss_d=0.2021 lr=0.00604 (58s)
[dann] step 2000/18740 loss_y=0.0320 loss_d=0.2485 lr=0.00580 (83s)
[dann] step 2200/18740 loss_y=0.0918 loss_d=0.3876 lr=0.00559 (86s)
[dann] step 2400/18740 loss_y=0.1202 loss_d=0.4461 lr=0.00539 (88s)
[dann] step 2600/18740 loss_y=0.1611 loss_d=0.4434 lr=0.00521 (90s)
[dann] step 2800/18740 loss_y=0.2074 loss_d=0.4635 lr=0.00504 (92s)
[dann] step 3000/18740 loss_y=0.1039 loss_d=0.3799 lr=0.00488 (116s)
[dann] step 3200/18740 loss_y=0.1181 loss_d=0.5872 lr=0.00474 (119s)
[dann] step 3400/18740 loss_y=0.1426 loss_d=0.2998 lr=0.00460 (121s)
[dann] step 3600/18740 loss_y=0.0270 loss_d=0.3090 lr=0.00448 (123s)
[dann] step 3800/18740 loss_y=0.1284 loss_d=0.6575 lr=0.00436 (151s)
[dann] step 4000/18740 loss_y=0.0336 loss_d=0.4229 lr=0.00425 (154s)
[dann] step 4200/18740 loss_y=0.0862 loss_d=0.3424 lr=0.00414 (156s)
[dann] step 4400/18740 loss_y=0.0404 loss_d=0.5238 lr=0.00404 (158s)
[dann] step 4600/18740 loss_y=0.0164 loss_d=0.3707 lr=0.00395 (161s)
[dann] step 4800/18740 loss_y=0.1634 loss_d=0.3099 lr=0.00386 (185s)
[dann] step 5000/18740 loss_y=0.0317 loss_d=0.6005 lr=0.00377 (187s)
[dann] step 5200/18740 loss_y=0.1371 loss_d=0.5758 lr=0.00369 (189s)
[dann] step 5400/18740 loss_y=0.1055 loss_d=0.4402 lr=0.00362 (191s)
[dann] step 5600/18740 loss_y=0.0563 loss_d=0.6745 lr=0.00354 (194s)
[dann] step 5800/18740 loss_y=0.0435 loss_d=0.8538 lr=0.00347 (217s)
[dann] step 6000/18740 loss_y=0.0098 loss_d=0.6404 lr=0.00341 (219s)
[dann] step 6200/18740 loss_y=0.1360 loss_d=0.6712 lr=0.00334 (221s)
[dann] step 6400/18740 loss_y=0.0411 loss_d=0.6669 lr=0.00328 (223s)
[dann] step 6600/18740 loss_y=0.1587 loss_d=0.6158 lr=0.00323 (247s)
[dann] step 6800/18740 loss_y=0.1177 loss_d=0.7257 lr=0.00317 (249s)
[dann] step 7000/18740 loss_y=0.0507 loss_d=0.6218 lr=0.00312 (251s)
[dann] step 7200/18740 loss_y=0.1968 loss_d=0.7777 lr=0.00306 (253s)
[dann] step 7400/18740 loss_y=0.0301 loss_d=0.6628 lr=0.00301 (255s)
[dann] step 7600/18740 loss_y=0.0766 loss_d=0.6971 lr=0.00297 (282s)
[dann] step 7800/18740 loss_y=0.0138 loss_d=0.6380 lr=0.00292 (285s)
[dann] step 8000/18740 loss_y=0.0259 loss_d=0.5869 lr=0.00288 (287s)
[dann] step 8200/18740 loss_y=0.0239 loss_d=0.6419 lr=0.00283 (289s)
[dann] step 8400/18740 loss_y=0.0901 loss_d=0.7117 lr=0.00279 (292s)
[dann] step 8600/18740 loss_y=0.0519 loss_d=0.5836 lr=0.00275 (318s)
[dann] step 8800/18740 loss_y=0.0737 loss_d=0.5643 lr=0.00271 (320s)
[dann] step 9000/18740 loss_y=0.1391 loss_d=0.6188 lr=0.00267 (322s)
[dann] step 9200/18740 loss_y=0.0234 loss_d=0.6059 lr=0.00264 (324s)
[dann] step 9400/18740 loss_y=0.0123 loss_d=0.6587 lr=0.00260 (351s)
[dann] step 9600/18740 loss_y=0.0908 loss_d=0.6326 lr=0.00257 (353s)
[dann] step 9800/18740 loss_y=0.0705 loss_d=0.6774 lr=0.00254 (356s)
[dann] step 10000/18740 loss_y=0.0109 loss_d=0.5569 lr=0.00250 (358s)
[dann] step 10200/18740 loss_y=0.0017 loss_d=0.5316 lr=0.00247 (360s)
[dann] step 10400/18740 loss_y=0.0169 loss_d=0.6285 lr=0.00244 (387s)
[dann] step 10600/18740 loss_y=0.0298 loss_d=0.6750 lr=0.00241 (389s)
[dann] step 10800/18740 loss_y=0.0528 loss_d=0.6507 lr=0.00238 (392s)
[dann] step 11000/18740 loss_y=0.0174 loss_d=0.5853 lr=0.00236 (394s)
[dann] step 11200/18740 loss_y=0.0446 loss_d=0.6416 lr=0.00233 (397s)
[dann] step 11400/18740 loss_y=0.0278 loss_d=0.6245 lr=0.00230 (425s)
[dann] step 11600/18740 loss_y=0.0469 loss_d=0.6164 lr=0.00228 (428s)
[dann] step 11800/18740 loss_y=0.0673 loss_d=0.6448 lr=0.00225 (430s)
[dann] step 12000/18740 loss_y=0.0040 loss_d=0.6540 lr=0.00223 (432s)
[dann] step 12200/18740 loss_y=0.0116 loss_d=0.6007 lr=0.00220 (458s)
[dann] step 12400/18740 loss_y=0.0084 loss_d=0.6088 lr=0.00218 (460s)
[dann] step 12600/18740 loss_y=0.0063 loss_d=0.6679 lr=0.00216 (463s)
[dann] step 12800/18740 loss_y=0.0565 loss_d=0.6505 lr=0.00214 (465s)
[dann] step 13000/18740 loss_y=0.0342 loss_d=0.6267 lr=0.00211 (467s)
[dann] step 13200/18740 loss_y=0.0114 loss_d=0.6350 lr=0.00209 (493s)
[dann] step 13400/18740 loss_y=0.0167 loss_d=0.6413 lr=0.00207 (496s)
[dann] step 13600/18740 loss_y=0.0502 loss_d=0.5593 lr=0.00205 (498s)
[dann] step 13800/18740 loss_y=0.1073 loss_d=0.5936 lr=0.00203 (500s)
[dann] step 14000/18740 loss_y=0.0170 loss_d=0.6174 lr=0.00201 (503s)
[dann] step 14200/18740 loss_y=0.0255 loss_d=0.5809 lr=0.00200 (528s)
[dann] step 14400/18740 loss_y=0.0252 loss_d=0.5950 lr=0.00198 (530s)
[dann] step 14600/18740 loss_y=0.0438 loss_d=0.6683 lr=0.00196 (532s)
[dann] step 14800/18740 loss_y=0.0277 loss_d=0.6192 lr=0.00194 (534s)
[dann] step 15000/18740 loss_y=0.0257 loss_d=0.6902 lr=0.00192 (560s)
[dann] step 15200/18740 loss_y=0.0504 loss_d=0.6124 lr=0.00191 (563s)
[dann] step 15400/18740 loss_y=0.0222 loss_d=0.5863 lr=0.00189 (565s)
[dann] step 15600/18740 loss_y=0.1668 loss_d=0.6608 lr=0.00187 (568s)
[dann] step 15800/18740 loss_y=0.0206 loss_d=0.6257 lr=0.00186 (571s)
[dann] step 16000/18740 loss_y=0.0515 loss_d=0.6672 lr=0.00184 (598s)
[dann] step 16200/18740 loss_y=0.0789 loss_d=0.5953 lr=0.00183 (600s)
[dann] step 16400/18740 loss_y=0.0073 loss_d=0.5762 lr=0.00181 (603s)
[dann] step 16600/18740 loss_y=0.0085 loss_d=0.6191 lr=0.00180 (605s)
[dann] step 16800/18740 loss_y=0.0085 loss_d=0.5871 lr=0.00178 (607s)
[dann] step 17000/18740 loss_y=0.0359 loss_d=0.5676 lr=0.00177 (634s)
[dann] step 17200/18740 loss_y=0.0039 loss_d=0.5976 lr=0.00175 (637s)
[dann] step 17400/18740 loss_y=0.0144 loss_d=0.5891 lr=0.00174 (639s)
[dann] step 17600/18740 loss_y=0.0515 loss_d=0.6085 lr=0.00173 (642s)
[dann] step 17800/18740 loss_y=0.0071 loss_d=0.6125 lr=0.00171 (645s)
[dann] step 18000/18740 loss_y=0.0228 loss_d=0.5844 lr=0.00170 (674s)
[dann] step 18200/18740 loss_y=0.0489 loss_d=0.5972 lr=0.00169 (676s)
[dann] step 18400/18740 loss_y=0.0126 loss_d=0.6427 lr=0.00168 (678s)
[dann] step 18600/18740 loss_y=0.0019 loss_d=0.6771 lr=0.00166 (681s)
[dann] step 18740/18740 loss_y=0.0478 loss_d=0.6021 lr=0.00166 (682s)
{
  "method": "dann",
  "source": "mnist",
  "target": "mnist_m_gen",
  "seed": 43,
  "epochs": 20,
  "steps": 18740,
  "norm": "half",
  "norm_mean": [
    0.5,
    0.5,
    0.5
  ],
  "clip_grad": null,
  "source_test_acc": 0.9848,
  "target_test_acc": 0.8175,
  "train_seconds": 493.6,
  "environment": {
    "python": "3.14.7",
    "os": "Windows-11-10.0.26200-SP0",
    "torch": "2.14.0+cu130",
    "cuda": "13.0",
    "cudnn": 92400,
    "device": "NVIDIA RTX A4000 Laptop GPU",
    "git_commit": "b9123a4"
  },
  "history": [
    {
      "epoch": 1,
      "step": 937,
      "source_test_acc": 0.9746,
      "domain_acc": 0.9029,
      "target_test_acc": 0.5748
    },
    {
      "epoch": 2,
      "step": 1874,
      "source_test_acc": 0.9853,
      "domain_acc": 0.91415,
      "target_test_acc": 0.6117
    },
    {
      "epoch": 3,
      "step": 2811,
      "source_test_acc": 0.9793,
      "domain_acc": 0.8677,
      "target_test_acc": 0.5877
    },
    {
      "epoch": 4,
      "step": 3748,
      "source_test_acc": 0.978,
      "domain_acc": 0.81965,
      "target_test_acc": 0.68
    },
    {
      "epoch": 5,
      "step": 4685,
      "source_test_acc": 0.9709,
      "domain_acc": 0.85815,
      "target_test_acc": 0.692
    },
    {
      "epoch": 6,
      "step": 5622,
      "source_test_acc": 0.9593,
      "domain_acc": 0.73765,
      "target_test_acc": 0.6853
    },
    {
      "epoch": 7,
      "step": 6559,
      "source_test_acc": 0.9795,
      "domain_acc": 0.7171,
      "target_test_acc": 0.7206
    },
    {
      "epoch": 8,
      "step": 7496,
      "source_test_acc": 0.9827,
      "domain_acc": 0.6306,
      "target_test_acc": 0.7487
    },
    {
      "epoch": 9,
      "step": 8433,
      "source_test_acc": 0.9861,
      "domain_acc": 0.59905,
      "target_test_acc": 0.775
    },
    {
      "epoch": 10,
      "step": 9370,
      "source_test_acc": 0.9853,
      "domain_acc": 0.611,
      "target_test_acc": 0.7475
    },
    {
      "epoch": 11,
      "step": 10307,
      "source_test_acc": 0.9818,
      "domain_acc": 0.68935,
      "target_test_acc": 0.7759
    },
    {
      "epoch": 12,
      "step": 11244,
      "source_test_acc": 0.9862,
      "domain_acc": 0.6114,
      "target_test_acc": 0.7758
    },
    {
      "epoch": 13,
      "step": 12181,
      "source_test_acc": 0.9871,
      "domain_acc": 0.64485,
      "target_test_acc": 0.7989
    },
    {
      "epoch": 14,
      "step": 13118,
      "source_test_acc": 0.9863,
      "domain_acc": 0.65745,
      "target_test_acc": 0.7849
    },
    {
      "epoch": 15,
      "step": 14055,
      "source_test_acc": 0.9838,
      "domain_acc": 0.66235,
      "target_test_acc": 0.7761
    },
    {
      "epoch": 16,
      "step": 14992,
      "source_test_acc": 0.9879,
      "domain_acc": 0.66645,
      "target_test_acc": 0.8061
    },
    {
      "epoch": 17,
      "step": 15929,
      "source_test_acc": 0.9852,
      "domain_acc": 0.65085,
      "target_test_acc": 0.7864
    },
    {
      "epoch": 18,
      "step": 16866,
      "source_test_acc": 0.9849,
      "domain_acc": 0.6686,
      "target_test_acc": 0.8134
    },
    {
      "epoch": 19,
      "step": 17803,
      "source_test_acc": 0.9861,
      "domain_acc": 0.65715,
      "target_test_acc": 0.8106
    },
    {
      "epoch": 20,
      "step": 18740,
      "source_test_acc": 0.9848,
      "domain_acc": 0.66175,
      "target_test_acc": 0.8175
    }
  ],
  "selected": {
    "epoch": 9,
    "rule": "source_acc >= best - 0.01; max domain error",
    "source_test_acc": 0.9861,
    "domain_acc": 0.59905,
    "target_test_acc": 0.775
  }
}
