[baseline] step 200/9360 loss_y=0.3118 loss_d=0.0000 lr=0.00865 (16s)
[baseline] step 400/9360 loss_y=0.0993 loss_d=0.0000 lr=0.00766 (19s)
[baseline] step 600/9360 loss_y=0.0895 loss_d=0.0000 lr=0.00690 (41s)
[baseline] step 800/9360 loss_y=0.1351 loss_d=0.0000 lr=0.00629 (44s)
[baseline] step 1000/9360 loss_y=0.0744 loss_d=0.0000 lr=0.00580 (71s)
[baseline] step 1200/9360 loss_y=0.0271 loss_d=0.0000 lr=0.00539 (75s)
[baseline] step 1400/9360 loss_y=0.0314 loss_d=0.0000 lr=0.00504 (78s)
[baseline] step 1600/9360 loss_y=0.0754 loss_d=0.0000 lr=0.00474 (102s)
[baseline] step 1800/9360 loss_y=0.0423 loss_d=0.0000 lr=0.00447 (105s)
[baseline] step 2000/9360 loss_y=0.0690 loss_d=0.0000 lr=0.00424 (132s)
[baseline] step 2200/9360 loss_y=0.0545 loss_d=0.0000 lr=0.00404 (135s)
[baseline] step 2400/9360 loss_y=0.0407 loss_d=0.0000 lr=0.00386 (157s)
[baseline] step 2600/9360 loss_y=0.0385 loss_d=0.0000 lr=0.00369 (160s)
[baseline] step 2800/9360 loss_y=0.0367 loss_d=0.0000 lr=0.00354 (163s)
[baseline] step 3000/9360 loss_y=0.0193 loss_d=0.0000 lr=0.00341 (185s)
[baseline] step 3200/9360 loss_y=0.0394 loss_d=0.0000 lr=0.00328 (188s)
[baseline] step 3400/9360 loss_y=0.0165 loss_d=0.0000 lr=0.00317 (211s)
[baseline] step 3600/9360 loss_y=0.0132 loss_d=0.0000 lr=0.00306 (215s)
[baseline] step 3800/9360 loss_y=0.0279 loss_d=0.0000 lr=0.00296 (236s)
[baseline] step 4000/9360 loss_y=0.0454 loss_d=0.0000 lr=0.00287 (239s)
[baseline] step 4200/9360 loss_y=0.0079 loss_d=0.0000 lr=0.00279 (241s)
[baseline] step 4400/9360 loss_y=0.0526 loss_d=0.0000 lr=0.00271 (263s)
[baseline] step 4600/9360 loss_y=0.0370 loss_d=0.0000 lr=0.00264 (265s)
[baseline] step 4800/9360 loss_y=0.0601 loss_d=0.0000 lr=0.00257 (285s)
[baseline] step 5000/9360 loss_y=0.0247 loss_d=0.0000 lr=0.00250 (288s)
[baseline] step 5200/9360 loss_y=0.0044 loss_d=0.0000 lr=0.00244 (307s)
[baseline] step 5400/9360 loss_y=0.0110 loss_d=0.0000 lr=0.00238 (311s)
[baseline] step 5600/9360 loss_y=0.0216 loss_d=0.0000 lr=0.00233 (313s)
[baseline] step 5800/9360 loss_y=0.0359 loss_d=0.0000 lr=0.00228 (333s)
[baseline] step 6000/9360 loss_y=0.0196 loss_d=0.0000 lr=0.00223 (335s)
[baseline] step 6200/9360 loss_y=0.0034 loss_d=0.0000 lr=0.00218 (358s)
[baseline] step 6400/9360 loss_y=0.0232 loss_d=0.0000 lr=0.00214 (361s)
[baseline] step 6600/9360 loss_y=0.0060 loss_d=0.0000 lr=0.00209 (382s)
[baseline] step 6800/9360 loss_y=0.0272 loss_d=0.0000 lr=0.00205 (385s)
[baseline] step 7000/9360 loss_y=0.0214 loss_d=0.0000 lr=0.00201 (388s)
[baseline] step 7200/9360 loss_y=0.0069 loss_d=0.0000 lr=0.00198 (409s)
[baseline] step 7400/9360 loss_y=0.0069 loss_d=0.0000 lr=0.00194 (412s)
[baseline] step 7600/9360 loss_y=0.0343 loss_d=0.0000 lr=0.00191 (435s)
[baseline] step 7800/9360 loss_y=0.0177 loss_d=0.0000 lr=0.00187 (438s)
[baseline] step 8000/9360 loss_y=0.0058 loss_d=0.0000 lr=0.00184 (462s)
[baseline] step 8200/9360 loss_y=0.0040 loss_d=0.0000 lr=0.00181 (465s)
[baseline] step 8400/9360 loss_y=0.0146 loss_d=0.0000 lr=0.00178 (468s)
[baseline] step 8600/9360 loss_y=0.0026 loss_d=0.0000 lr=0.00175 (490s)
[baseline] step 8800/9360 loss_y=0.0086 loss_d=0.0000 lr=0.00173 (493s)
[baseline] step 9000/9360 loss_y=0.0160 loss_d=0.0000 lr=0.00170 (515s)
[baseline] step 9200/9360 loss_y=0.0071 loss_d=0.0000 lr=0.00168 (518s)
[baseline] step 9360/9360 loss_y=0.0128 loss_d=0.0000 lr=0.00166 (520s)
{
  "method": "baseline",
  "source": "mnist",
  "target": "mnist_m_gen",
  "seed": 42,
  "epochs": 20,
  "steps": 9360,
  "norm": "half",
  "norm_mean": [
    0.5,
    0.5,
    0.5
  ],
  "clip_grad": null,
  "source_test_acc": 0.9905,
  "target_test_acc": 0.5309,
  "train_seconds": 429.7,
  "environment": {
    "python": "3.14.7",
    "os": "Windows-11-10.0.26200-SP0",
    "torch": "2.14.0+cu130",
    "cuda": "13.0",
    "cudnn": 92400,
    "device": "NVIDIA RTX A4000 Laptop GPU",
    "git_commit": "b9123a4"
  },
  "history": [
    {
      "epoch": 1,
      "step": 468,
      "source_test_acc": 0.966,
      "target_test_acc": 0.4907
    },
    {
      "epoch": 2,
      "step": 936,
      "source_test_acc": 0.981,
      "target_test_acc": 0.4925
    },
    {
      "epoch": 3,
      "step": 1404,
      "source_test_acc": 0.9853,
      "target_test_acc": 0.526
    },
    {
      "epoch": 4,
      "step": 1872,
      "source_test_acc": 0.9849,
      "target_test_acc": 0.5032
    },
    {
      "epoch": 5,
      "step": 2340,
      "source_test_acc": 0.987,
      "target_test_acc": 0.5267
    },
    {
      "epoch": 6,
      "step": 2808,
      "source_test_acc": 0.9872,
      "target_test_acc": 0.5291
    },
    {
      "epoch": 7,
      "step": 3276,
      "source_test_acc": 0.989,
      "target_test_acc": 0.5307
    },
    {
      "epoch": 8,
      "step": 3744,
      "source_test_acc": 0.9891,
      "target_test_acc": 0.5378
    },
    {
      "epoch": 9,
      "step": 4212,
      "source_test_acc": 0.9891,
      "target_test_acc": 0.5394
    },
    {
      "epoch": 10,
      "step": 4680,
      "source_test_acc": 0.9884,
      "target_test_acc": 0.5331
    },
    {
      "epoch": 11,
      "step": 5148,
      "source_test_acc": 0.9895,
      "target_test_acc": 0.5235
    },
    {
      "epoch": 12,
      "step": 5616,
      "source_test_acc": 0.9902,
      "target_test_acc": 0.5316
    },
    {
      "epoch": 13,
      "step": 6084,
      "source_test_acc": 0.9896,
      "target_test_acc": 0.5215
    },
    {
      "epoch": 14,
      "step": 6552,
      "source_test_acc": 0.9903,
      "target_test_acc": 0.5304
    },
    {
      "epoch": 15,
      "step": 7020,
      "source_test_acc": 0.9897,
      "target_test_acc": 0.5315
    },
    {
      "epoch": 16,
      "step": 7488,
      "source_test_acc": 0.9909,
      "target_test_acc": 0.5302
    },
    {
      "epoch": 17,
      "step": 7956,
      "source_test_acc": 0.9906,
      "target_test_acc": 0.5373
    },
    {
      "epoch": 18,
      "step": 8424,
      "source_test_acc": 0.991,
      "target_test_acc": 0.5345
    },
    {
      "epoch": 19,
      "step": 8892,
      "source_test_acc": 0.9907,
      "target_test_acc": 0.5392
    },
    {
      "epoch": 20,
      "step": 9360,
      "source_test_acc": 0.9905,
      "target_test_acc": 0.5309
    }
  ],
  "selected": null
}
