[target] step 200/9360 loss_y=2.2924 loss_d=0.0000 lr=0.00865 (18s)
[target] step 400/9360 loss_y=1.5632 loss_d=0.0000 lr=0.00766 (22s)
[target] step 600/9360 loss_y=0.6486 loss_d=0.0000 lr=0.00690 (47s)
[target] step 800/9360 loss_y=0.2721 loss_d=0.0000 lr=0.00629 (50s)
[target] step 1000/9360 loss_y=0.3356 loss_d=0.0000 lr=0.00580 (74s)
[target] step 1200/9360 loss_y=0.1731 loss_d=0.0000 lr=0.00539 (77s)
[target] step 1400/9360 loss_y=0.1287 loss_d=0.0000 lr=0.00504 (80s)
[target] step 1600/9360 loss_y=0.1169 loss_d=0.0000 lr=0.00474 (107s)
[target] step 1800/9360 loss_y=0.1632 loss_d=0.0000 lr=0.00447 (110s)
[target] step 2000/9360 loss_y=0.1388 loss_d=0.0000 lr=0.00424 (136s)
[target] step 2200/9360 loss_y=0.2180 loss_d=0.0000 lr=0.00404 (139s)
[target] step 2400/9360 loss_y=0.1096 loss_d=0.0000 lr=0.00386 (164s)
[target] step 2600/9360 loss_y=0.0662 loss_d=0.0000 lr=0.00369 (167s)
[target] step 2800/9360 loss_y=0.0780 loss_d=0.0000 lr=0.00354 (170s)
[target] step 3000/9360 loss_y=0.0538 loss_d=0.0000 lr=0.00341 (194s)
[target] step 3200/9360 loss_y=0.1492 loss_d=0.0000 lr=0.00328 (197s)
[target] step 3400/9360 loss_y=0.0820 loss_d=0.0000 lr=0.00317 (222s)
[target] step 3600/9360 loss_y=0.0684 loss_d=0.0000 lr=0.00306 (225s)
[target] step 3800/9360 loss_y=0.1712 loss_d=0.0000 lr=0.00296 (252s)
[target] step 4000/9360 loss_y=0.0856 loss_d=0.0000 lr=0.00287 (255s)
[target] step 4200/9360 loss_y=0.1144 loss_d=0.0000 lr=0.00279 (258s)
[target] step 4400/9360 loss_y=0.0590 loss_d=0.0000 lr=0.00271 (286s)
[target] step 4600/9360 loss_y=0.0903 loss_d=0.0000 lr=0.00264 (289s)
[target] step 4800/9360 loss_y=0.0491 loss_d=0.0000 lr=0.00257 (318s)
[target] step 5000/9360 loss_y=0.1629 loss_d=0.0000 lr=0.00250 (322s)
[target] step 5200/9360 loss_y=0.1154 loss_d=0.0000 lr=0.00244 (350s)
[target] step 5400/9360 loss_y=0.0364 loss_d=0.0000 lr=0.00238 (354s)
[target] step 5600/9360 loss_y=0.0454 loss_d=0.0000 lr=0.00233 (357s)
[target] step 5800/9360 loss_y=0.0383 loss_d=0.0000 lr=0.00228 (385s)
[target] step 6000/9360 loss_y=0.0459 loss_d=0.0000 lr=0.00223 (388s)
[target] step 6200/9360 loss_y=0.0347 loss_d=0.0000 lr=0.00218 (417s)
[target] step 6400/9360 loss_y=0.0714 loss_d=0.0000 lr=0.00214 (420s)
[target] step 6600/9360 loss_y=0.1020 loss_d=0.0000 lr=0.00209 (448s)
[target] step 6800/9360 loss_y=0.1091 loss_d=0.0000 lr=0.00205 (452s)
[target] step 7000/9360 loss_y=0.0590 loss_d=0.0000 lr=0.00201 (455s)
[target] step 7200/9360 loss_y=0.0313 loss_d=0.0000 lr=0.00198 (482s)
[target] step 7400/9360 loss_y=0.0555 loss_d=0.0000 lr=0.00194 (485s)
[target] step 7600/9360 loss_y=0.0320 loss_d=0.0000 lr=0.00191 (513s)
[target] step 7800/9360 loss_y=0.0433 loss_d=0.0000 lr=0.00187 (516s)
[target] step 8000/9360 loss_y=0.0263 loss_d=0.0000 lr=0.00184 (542s)
[target] step 8200/9360 loss_y=0.0328 loss_d=0.0000 lr=0.00181 (546s)
[target] step 8400/9360 loss_y=0.0325 loss_d=0.0000 lr=0.00178 (549s)
[target] step 8600/9360 loss_y=0.0103 loss_d=0.0000 lr=0.00175 (578s)
[target] step 8800/9360 loss_y=0.0498 loss_d=0.0000 lr=0.00173 (581s)
[target] step 9000/9360 loss_y=0.0103 loss_d=0.0000 lr=0.00170 (610s)
[target] step 9200/9360 loss_y=0.0475 loss_d=0.0000 lr=0.00168 (613s)
[target] step 9360/9360 loss_y=0.0150 loss_d=0.0000 lr=0.00166 (616s)
{
  "method": "target",
  "source": "mnist",
  "target": "mnist_m_gen",
  "seed": 43,
  "epochs": 20,
  "steps": 9360,
  "norm": "half",
  "norm_mean": [
    0.5,
    0.5,
    0.5
  ],
  "clip_grad": null,
  "source_test_acc": 0.9864,
  "target_test_acc": 0.9723,
  "train_seconds": 523.1,
  "environment": {
    "python": "3.14.7",
    "os": "Windows-11-10.0.26200-SP0",
    "torch": "2.14.0+cu130",
    "cuda": "13.0",
    "cudnn": 92400,
    "device": "NVIDIA RTX A4000 Laptop GPU",
    "git_commit": "b9123a4"
  },
  "history": [
    {
      "epoch": 1,
      "step": 468,
      "source_test_acc": 0.7503,
      "target_test_acc": 0.6531
    },
    {
      "epoch": 2,
      "step": 936,
      "source_test_acc": 0.9527,
      "target_test_acc": 0.9219
    },
    {
      "epoch": 3,
      "step": 1404,
      "source_test_acc": 0.9709,
      "target_test_acc": 0.9471
    },
    {
      "epoch": 4,
      "step": 1872,
      "source_test_acc": 0.9748,
      "target_test_acc": 0.9505
    },
    {
      "epoch": 5,
      "step": 2340,
      "source_test_acc": 0.9746,
      "target_test_acc": 0.9546
    },
    {
      "epoch": 6,
      "step": 2808,
      "source_test_acc": 0.9819,
      "target_test_acc": 0.9631
    },
    {
      "epoch": 7,
      "step": 3276,
      "source_test_acc": 0.9813,
      "target_test_acc": 0.9626
    },
    {
      "epoch": 8,
      "step": 3744,
      "source_test_acc": 0.9815,
      "target_test_acc": 0.9673
    },
    {
      "epoch": 9,
      "step": 4212,
      "source_test_acc": 0.9839,
      "target_test_acc": 0.9687
    },
    {
      "epoch": 10,
      "step": 4680,
      "source_test_acc": 0.9861,
      "target_test_acc": 0.9691
    },
    {
      "epoch": 11,
      "step": 5148,
      "source_test_acc": 0.985,
      "target_test_acc": 0.9708
    },
    {
      "epoch": 12,
      "step": 5616,
      "source_test_acc": 0.9866,
      "target_test_acc": 0.9704
    },
    {
      "epoch": 13,
      "step": 6084,
      "source_test_acc": 0.9862,
      "target_test_acc": 0.9702
    },
    {
      "epoch": 14,
      "step": 6552,
      "source_test_acc": 0.9868,
      "target_test_acc": 0.9701
    },
    {
      "epoch": 15,
      "step": 7020,
      "source_test_acc": 0.9863,
      "target_test_acc": 0.9719
    },
    {
      "epoch": 16,
      "step": 7488,
      "source_test_acc": 0.9869,
      "target_test_acc": 0.9723
    },
    {
      "epoch": 17,
      "step": 7956,
      "source_test_acc": 0.9866,
      "target_test_acc": 0.9725
    },
    {
      "epoch": 18,
      "step": 8424,
      "source_test_acc": 0.9866,
      "target_test_acc": 0.9725
    },
    {
      "epoch": 19,
      "step": 8892,
      "source_test_acc": 0.9876,
      "target_test_acc": 0.9731
    },
    {
      "epoch": 20,
      "step": 9360,
      "source_test_acc": 0.9864,
      "target_test_acc": 0.9723
    }
  ],
  "selected": null
}
