Warning: You are sending unauthenticated requests to the HF Hub. Please set a HF_TOKEN to enable higher rate limits and faster downloads.
[dann] step 200/18740 loss_y=0.2414 loss_d=0.1633 lr=0.00927 (12s)
[dann] step 400/18740 loss_y=0.0574 loss_d=0.2530 lr=0.00865 (14s)
[dann] step 600/18740 loss_y=0.0391 loss_d=0.1291 lr=0.00812 (16s)
[dann] step 800/18740 loss_y=0.0508 loss_d=0.1365 lr=0.00766 (19s)
[dann] step 1000/18740 loss_y=0.0492 loss_d=0.1130 lr=0.00726 (39s)
[dann] step 1200/18740 loss_y=0.0828 loss_d=0.1731 lr=0.00690 (41s)
[dann] step 1400/18740 loss_y=0.0344 loss_d=0.1810 lr=0.00658 (43s)
[dann] step 1600/18740 loss_y=0.0664 loss_d=0.1581 lr=0.00630 (45s)
[dann] step 1800/18740 loss_y=0.0189 loss_d=0.1883 lr=0.00604 (48s)
[dann] step 2000/18740 loss_y=0.0473 loss_d=0.2501 lr=0.00580 (68s)
[dann] step 2200/18740 loss_y=0.3482 loss_d=0.2261 lr=0.00559 (71s)
[dann] step 2400/18740 loss_y=0.1187 loss_d=0.3267 lr=0.00539 (73s)
[dann] step 2600/18740 loss_y=0.0601 loss_d=0.2817 lr=0.00521 (75s)
[dann] step 2800/18740 loss_y=0.2107 loss_d=0.3692 lr=0.00504 (85s)
[dann] step 3000/18740 loss_y=0.0731 loss_d=0.3786 lr=0.00488 (98s)
[dann] step 3200/18740 loss_y=0.1421 loss_d=0.4032 lr=0.00474 (100s)
[dann] step 3400/18740 loss_y=0.2042 loss_d=0.5122 lr=0.00460 (102s)
[dann] step 3600/18740 loss_y=0.0366 loss_d=0.4461 lr=0.00448 (105s)
[dann] step 3800/18740 loss_y=0.0752 loss_d=0.4535 lr=0.00436 (124s)
[dann] step 4000/18740 loss_y=0.1177 loss_d=0.4043 lr=0.00425 (126s)
[dann] step 4200/18740 loss_y=0.1957 loss_d=0.4678 lr=0.00414 (128s)
[dann] step 4400/18740 loss_y=0.0871 loss_d=0.6093 lr=0.00404 (129s)
[dann] step 4600/18740 loss_y=0.2468 loss_d=0.6438 lr=0.00395 (132s)
[dann] step 4800/18740 loss_y=0.0543 loss_d=0.6945 lr=0.00386 (152s)
[dann] step 5000/18740 loss_y=0.1874 loss_d=0.7887 lr=0.00377 (155s)
[dann] step 5200/18740 loss_y=0.0417 loss_d=0.4644 lr=0.00369 (156s)
[dann] step 5400/18740 loss_y=0.0411 loss_d=0.4613 lr=0.00362 (158s)
[dann] step 5600/18740 loss_y=0.0613 loss_d=0.3978 lr=0.00354 (160s)
[dann] step 5800/18740 loss_y=0.1296 loss_d=0.5918 lr=0.00347 (179s)
[dann] step 6000/18740 loss_y=0.0499 loss_d=0.4839 lr=0.00341 (180s)
[dann] step 6200/18740 loss_y=0.0574 loss_d=0.4959 lr=0.00334 (182s)
[dann] step 6400/18740 loss_y=0.0896 loss_d=0.6503 lr=0.00328 (184s)
[dann] step 6600/18740 loss_y=0.0893 loss_d=0.5855 lr=0.00323 (202s)
[dann] step 6800/18740 loss_y=0.1991 loss_d=0.3837 lr=0.00317 (204s)
[dann] step 7000/18740 loss_y=0.1868 loss_d=0.4911 lr=0.00312 (205s)
[dann] step 7200/18740 loss_y=0.0401 loss_d=0.5940 lr=0.00306 (207s)
[dann] step 7400/18740 loss_y=0.0571 loss_d=0.5999 lr=0.00301 (209s)
[dann] step 7600/18740 loss_y=0.0862 loss_d=0.5943 lr=0.00297 (227s)
[dann] step 7800/18740 loss_y=0.1407 loss_d=0.5647 lr=0.00292 (229s)
[dann] step 8000/18740 loss_y=0.0435 loss_d=0.6172 lr=0.00288 (231s)
[dann] step 8200/18740 loss_y=0.0734 loss_d=0.6487 lr=0.00283 (232s)
[dann] step 8400/18740 loss_y=0.1101 loss_d=0.5150 lr=0.00279 (234s)
[dann] step 8600/18740 loss_y=0.1116 loss_d=0.6509 lr=0.00275 (254s)
[dann] step 8800/18740 loss_y=0.0769 loss_d=0.6723 lr=0.00271 (256s)
[dann] step 9000/18740 loss_y=0.0304 loss_d=0.5705 lr=0.00267 (258s)
[dann] step 9200/18740 loss_y=0.0197 loss_d=0.6676 lr=0.00264 (261s)
[dann] step 9400/18740 loss_y=0.0584 loss_d=0.6648 lr=0.00260 (281s)
[dann] step 9600/18740 loss_y=0.0162 loss_d=0.6576 lr=0.00257 (283s)
[dann] step 9800/18740 loss_y=0.0185 loss_d=0.6072 lr=0.00254 (285s)
[dann] step 10000/18740 loss_y=0.0217 loss_d=0.6389 lr=0.00250 (286s)
[dann] step 10200/18740 loss_y=0.0510 loss_d=0.6430 lr=0.00247 (288s)
[dann] step 10400/18740 loss_y=0.0049 loss_d=0.4791 lr=0.00244 (307s)
[dann] step 10600/18740 loss_y=0.0555 loss_d=0.6436 lr=0.00241 (309s)
[dann] step 10800/18740 loss_y=0.1028 loss_d=0.6138 lr=0.00238 (310s)
[dann] step 11000/18740 loss_y=0.0942 loss_d=0.6262 lr=0.00236 (312s)
[dann] step 11200/18740 loss_y=0.0175 loss_d=0.6333 lr=0.00233 (314s)
[dann] step 11400/18740 loss_y=0.0925 loss_d=0.5887 lr=0.00230 (333s)
[dann] step 11600/18740 loss_y=0.0033 loss_d=0.6649 lr=0.00228 (335s)
[dann] step 11800/18740 loss_y=0.0511 loss_d=0.7499 lr=0.00225 (336s)
[dann] step 12000/18740 loss_y=0.2349 loss_d=0.7006 lr=0.00223 (338s)
[dann] step 12200/18740 loss_y=0.0461 loss_d=0.5857 lr=0.00220 (357s)
[dann] step 12400/18740 loss_y=0.0644 loss_d=0.5993 lr=0.00218 (359s)
[dann] step 12600/18740 loss_y=0.0182 loss_d=0.6324 lr=0.00216 (361s)
[dann] step 12800/18740 loss_y=0.0259 loss_d=0.5771 lr=0.00214 (363s)
[dann] step 13000/18740 loss_y=0.0286 loss_d=0.5576 lr=0.00211 (365s)
[dann] step 13200/18740 loss_y=0.0079 loss_d=0.6503 lr=0.00209 (385s)
[dann] step 13400/18740 loss_y=0.0613 loss_d=0.5885 lr=0.00207 (386s)
[dann] step 13600/18740 loss_y=0.0157 loss_d=0.5741 lr=0.00205 (388s)
[dann] step 13800/18740 loss_y=0.0387 loss_d=0.6439 lr=0.00203 (390s)
[dann] step 14000/18740 loss_y=0.0142 loss_d=0.6479 lr=0.00201 (392s)
[dann] step 14200/18740 loss_y=0.0366 loss_d=0.5723 lr=0.00200 (411s)
[dann] step 14400/18740 loss_y=0.0380 loss_d=0.6599 lr=0.00198 (413s)
[dann] step 14600/18740 loss_y=0.0224 loss_d=0.6184 lr=0.00196 (415s)
[dann] step 14800/18740 loss_y=0.1557 loss_d=0.5628 lr=0.00194 (416s)
[dann] step 15000/18740 loss_y=0.0660 loss_d=0.6059 lr=0.00192 (438s)
[dann] step 15200/18740 loss_y=0.0673 loss_d=0.6246 lr=0.00191 (440s)
[dann] step 15400/18740 loss_y=0.1035 loss_d=0.6201 lr=0.00189 (443s)
[dann] step 15600/18740 loss_y=0.0580 loss_d=0.6147 lr=0.00187 (445s)
[dann] step 15800/18740 loss_y=0.0061 loss_d=0.6364 lr=0.00186 (448s)
[dann] step 16000/18740 loss_y=0.0212 loss_d=0.6393 lr=0.00184 (471s)
[dann] step 16200/18740 loss_y=0.0326 loss_d=0.5953 lr=0.00183 (473s)
[dann] step 16400/18740 loss_y=0.0406 loss_d=0.7066 lr=0.00181 (475s)
[dann] step 16600/18740 loss_y=0.0341 loss_d=0.6667 lr=0.00180 (477s)
[dann] step 16800/18740 loss_y=0.0504 loss_d=0.6350 lr=0.00178 (480s)
[dann] step 17000/18740 loss_y=0.0429 loss_d=0.6445 lr=0.00177 (500s)
[dann] step 17200/18740 loss_y=0.0509 loss_d=0.5829 lr=0.00175 (502s)
[dann] step 17400/18740 loss_y=0.1036 loss_d=0.5732 lr=0.00174 (504s)
[dann] step 17600/18740 loss_y=0.0390 loss_d=0.6434 lr=0.00173 (505s)
[dann] step 17800/18740 loss_y=0.0344 loss_d=0.6968 lr=0.00171 (514s)
[dann] step 18000/18740 loss_y=0.0224 loss_d=0.6711 lr=0.00170 (527s)
[dann] step 18200/18740 loss_y=0.0744 loss_d=0.6109 lr=0.00169 (529s)
[dann] step 18400/18740 loss_y=0.0270 loss_d=0.5636 lr=0.00168 (531s)
[dann] step 18600/18740 loss_y=0.0399 loss_d=0.5930 lr=0.00166 (534s)
[dann] step 18740/18740 loss_y=0.0230 loss_d=0.5977 lr=0.00166 (543s)
{
  "method": "dann",
  "source": "mnist",
  "target": "mnist_m",
  "seed": 44,
  "epochs": 20,
  "steps": 18740,
  "norm": "half",
  "norm_mean": [
    0.5,
    0.5,
    0.5
  ],
  "source_test_acc": 0.9815,
  "target_test_acc": 0.7181424286190423,
  "train_seconds": 544.5,
  "environment": {
    "python": "3.14.7",
    "os": "Windows-11-10.0.26200-SP0",
    "torch": "2.14.0+cu130",
    "cuda": "13.0",
    "cudnn": 92400,
    "device": "NVIDIA RTX A4000 Laptop GPU",
    "git_commit": "9a47c8b"
  }
}
