Warning: You are sending unauthenticated requests to the HF Hub. Please set a HF_TOKEN to enable higher rate limits and faster downloads.
[target] step 200/9200 loss_y=2.2977 loss_d=0.0000 lr=0.00863 (20s)
[target] step 400/9200 loss_y=2.1279 loss_d=0.0000 lr=0.00763 (24s)
[target] step 600/9200 loss_y=1.2531 loss_d=0.0000 lr=0.00687 (46s)
[target] step 800/9200 loss_y=0.6043 loss_d=0.0000 lr=0.00626 (50s)
[target] step 1000/9200 loss_y=0.3186 loss_d=0.0000 lr=0.00576 (72s)
[target] step 1200/9200 loss_y=0.3449 loss_d=0.0000 lr=0.00535 (75s)
[target] step 1400/9200 loss_y=0.3049 loss_d=0.0000 lr=0.00500 (95s)
[target] step 1600/9200 loss_y=0.3684 loss_d=0.0000 lr=0.00470 (99s)
[target] step 1800/9200 loss_y=0.2348 loss_d=0.0000 lr=0.00444 (103s)
[target] step 2000/9200 loss_y=0.1733 loss_d=0.0000 lr=0.00421 (122s)
[target] step 2200/9200 loss_y=0.2084 loss_d=0.0000 lr=0.00400 (126s)
[target] step 2400/9200 loss_y=0.3035 loss_d=0.0000 lr=0.00382 (145s)
[target] step 2600/9200 loss_y=0.1614 loss_d=0.0000 lr=0.00366 (148s)
[target] step 2800/9200 loss_y=0.0898 loss_d=0.0000 lr=0.00351 (168s)
[target] step 3000/9200 loss_y=0.2015 loss_d=0.0000 lr=0.00337 (172s)
[target] step 3200/9200 loss_y=0.2569 loss_d=0.0000 lr=0.00325 (176s)
[target] step 3400/9200 loss_y=0.1592 loss_d=0.0000 lr=0.00314 (196s)
[target] step 3600/9200 loss_y=0.1179 loss_d=0.0000 lr=0.00303 (200s)
[target] step 3800/9200 loss_y=0.2423 loss_d=0.0000 lr=0.00293 (219s)
[target] step 4000/9200 loss_y=0.0987 loss_d=0.0000 lr=0.00284 (223s)
[target] step 4200/9200 loss_y=0.0865 loss_d=0.0000 lr=0.00276 (241s)
[target] step 4400/9200 loss_y=0.1076 loss_d=0.0000 lr=0.00268 (245s)
[target] step 4600/9200 loss_y=0.1210 loss_d=0.0000 lr=0.00261 (248s)
[target] step 4800/9200 loss_y=0.1144 loss_d=0.0000 lr=0.00254 (269s)
[target] step 5000/9200 loss_y=0.1673 loss_d=0.0000 lr=0.00248 (273s)
[target] step 5200/9200 loss_y=0.1420 loss_d=0.0000 lr=0.00241 (292s)
[target] step 5400/9200 loss_y=0.1047 loss_d=0.0000 lr=0.00236 (296s)
[target] step 5600/9200 loss_y=0.1211 loss_d=0.0000 lr=0.00230 (315s)
[target] step 5800/9200 loss_y=0.0785 loss_d=0.0000 lr=0.00225 (319s)
[target] step 6000/9200 loss_y=0.1456 loss_d=0.0000 lr=0.00220 (337s)
[target] step 6200/9200 loss_y=0.1335 loss_d=0.0000 lr=0.00216 (340s)
[target] step 6400/9200 loss_y=0.0940 loss_d=0.0000 lr=0.00211 (343s)
[target] step 6600/9200 loss_y=0.0815 loss_d=0.0000 lr=0.00207 (362s)
[target] step 6800/9200 loss_y=0.0881 loss_d=0.0000 lr=0.00203 (368s)
[target] step 7000/9200 loss_y=0.0473 loss_d=0.0000 lr=0.00199 (386s)
[target] step 7200/9200 loss_y=0.0721 loss_d=0.0000 lr=0.00195 (389s)
[target] step 7400/9200 loss_y=0.1502 loss_d=0.0000 lr=0.00192 (406s)
[target] step 7600/9200 loss_y=0.0413 loss_d=0.0000 lr=0.00188 (409s)
[target] step 7800/9200 loss_y=0.1276 loss_d=0.0000 lr=0.00185 (413s)
[target] step 8000/9200 loss_y=0.1318 loss_d=0.0000 lr=0.00182 (432s)
[target] step 8200/9200 loss_y=0.0745 loss_d=0.0000 lr=0.00179 (436s)
[target] step 8400/9200 loss_y=0.0666 loss_d=0.0000 lr=0.00176 (455s)
[target] step 8600/9200 loss_y=0.0880 loss_d=0.0000 lr=0.00173 (465s)
[target] step 8800/9200 loss_y=0.0549 loss_d=0.0000 lr=0.00171 (490s)
[target] step 9000/9200 loss_y=0.0794 loss_d=0.0000 lr=0.00168 (495s)
[target] step 9200/9200 loss_y=0.0767 loss_d=0.0000 lr=0.00166 (499s)
{
  "method": "target",
  "source": "mnist",
  "target": "mnist_m",
  "seed": 42,
  "epochs": 20,
  "steps": 9200,
  "norm": "half",
  "norm_mean": [
    0.5,
    0.5,
    0.5
  ],
  "clip_grad": null,
  "source_test_acc": 0.9749,
  "target_test_acc": 0.9556715920453283,
  "train_seconds": 500.3,
  "environment": {
    "python": "3.14.7",
    "os": "Windows-11-10.0.26200-SP0",
    "torch": "2.14.0+cu130",
    "cuda": "13.0",
    "cudnn": 92400,
    "device": "NVIDIA RTX A4000 Laptop GPU",
    "git_commit": "9a47c8b"
  }
}
