Warning: You are sending unauthenticated requests to the HF Hub. Please set a HF_TOKEN to enable higher rate limits and faster downloads.
[baseline] step 200/9360 loss_y=0.2733 loss_d=0.0000 lr=0.00865 (11s)
[baseline] step 400/9360 loss_y=0.1229 loss_d=0.0000 lr=0.00766 (13s)
[baseline] step 600/9360 loss_y=0.0507 loss_d=0.0000 lr=0.00690 (25s)
[baseline] step 800/9360 loss_y=0.2302 loss_d=0.0000 lr=0.00629 (27s)
[baseline] step 1000/9360 loss_y=0.0489 loss_d=0.0000 lr=0.00580 (39s)
[baseline] step 1200/9360 loss_y=0.0972 loss_d=0.0000 lr=0.00539 (42s)
[baseline] step 1400/9360 loss_y=0.0838 loss_d=0.0000 lr=0.00504 (44s)
[baseline] step 1600/9360 loss_y=0.0334 loss_d=0.0000 lr=0.00474 (56s)
[baseline] step 1800/9360 loss_y=0.0735 loss_d=0.0000 lr=0.00447 (59s)
[baseline] step 2000/9360 loss_y=0.0199 loss_d=0.0000 lr=0.00424 (72s)
[baseline] step 2200/9360 loss_y=0.0211 loss_d=0.0000 lr=0.00404 (74s)
[baseline] step 2400/9360 loss_y=0.0433 loss_d=0.0000 lr=0.00386 (88s)
[baseline] step 2600/9360 loss_y=0.0965 loss_d=0.0000 lr=0.00369 (91s)
[baseline] step 2800/9360 loss_y=0.0651 loss_d=0.0000 lr=0.00354 (94s)
[baseline] step 3000/9360 loss_y=0.0466 loss_d=0.0000 lr=0.00341 (108s)
[baseline] step 3200/9360 loss_y=0.0230 loss_d=0.0000 lr=0.00328 (110s)
[baseline] step 3400/9360 loss_y=0.0262 loss_d=0.0000 lr=0.00317 (124s)
[baseline] step 3600/9360 loss_y=0.0500 loss_d=0.0000 lr=0.00306 (127s)
[baseline] step 3800/9360 loss_y=0.0044 loss_d=0.0000 lr=0.00296 (140s)
[baseline] step 4000/9360 loss_y=0.0132 loss_d=0.0000 lr=0.00287 (143s)
[baseline] step 4200/9360 loss_y=0.0148 loss_d=0.0000 lr=0.00279 (146s)
[baseline] step 4400/9360 loss_y=0.0100 loss_d=0.0000 lr=0.00271 (159s)
[baseline] step 4600/9360 loss_y=0.0200 loss_d=0.0000 lr=0.00264 (161s)
[baseline] step 4800/9360 loss_y=0.0227 loss_d=0.0000 lr=0.00257 (175s)
[baseline] step 5000/9360 loss_y=0.0041 loss_d=0.0000 lr=0.00250 (178s)
[baseline] step 5200/9360 loss_y=0.0129 loss_d=0.0000 lr=0.00244 (192s)
[baseline] step 5400/9360 loss_y=0.0059 loss_d=0.0000 lr=0.00238 (195s)
[baseline] step 5600/9360 loss_y=0.1641 loss_d=0.0000 lr=0.00233 (198s)
[baseline] step 5800/9360 loss_y=0.0118 loss_d=0.0000 lr=0.00228 (211s)
[baseline] step 6000/9360 loss_y=0.0100 loss_d=0.0000 lr=0.00223 (214s)
[baseline] step 6200/9360 loss_y=0.0088 loss_d=0.0000 lr=0.00218 (228s)
[baseline] step 6400/9360 loss_y=0.0410 loss_d=0.0000 lr=0.00214 (230s)
[baseline] step 6600/9360 loss_y=0.0301 loss_d=0.0000 lr=0.00209 (244s)
[baseline] step 6800/9360 loss_y=0.0059 loss_d=0.0000 lr=0.00205 (247s)
[baseline] step 7000/9360 loss_y=0.0075 loss_d=0.0000 lr=0.00201 (250s)
[baseline] step 7200/9360 loss_y=0.0147 loss_d=0.0000 lr=0.00198 (263s)
[baseline] step 7400/9360 loss_y=0.0174 loss_d=0.0000 lr=0.00194 (266s)
[baseline] step 7600/9360 loss_y=0.0465 loss_d=0.0000 lr=0.00191 (280s)
[baseline] step 7800/9360 loss_y=0.0072 loss_d=0.0000 lr=0.00187 (282s)
[baseline] step 8000/9360 loss_y=0.0068 loss_d=0.0000 lr=0.00184 (296s)
[baseline] step 8200/9360 loss_y=0.0287 loss_d=0.0000 lr=0.00181 (299s)
[baseline] step 8400/9360 loss_y=0.0214 loss_d=0.0000 lr=0.00178 (302s)
[baseline] step 8600/9360 loss_y=0.0110 loss_d=0.0000 lr=0.00175 (315s)
[baseline] step 8800/9360 loss_y=0.0209 loss_d=0.0000 lr=0.00173 (318s)
[baseline] step 9000/9360 loss_y=0.0365 loss_d=0.0000 lr=0.00170 (333s)
[baseline] step 9200/9360 loss_y=0.0056 loss_d=0.0000 lr=0.00168 (335s)
[baseline] step 9360/9360 loss_y=0.0166 loss_d=0.0000 lr=0.00166 (338s)
{
  "method": "baseline",
  "source": "mnist",
  "target": "mnist_m",
  "seed": 44,
  "epochs": 20,
  "steps": 9360,
  "norm": "half",
  "norm_mean": [
    0.5,
    0.5,
    0.5
  ],
  "source_test_acc": 0.9911,
  "target_test_acc": 0.5380513276302633,
  "train_seconds": 338.8,
  "environment": {
    "python": "3.14.7",
    "os": "Windows-11-10.0.26200-SP0",
    "torch": "2.14.0+cu130",
    "cuda": "13.0",
    "cudnn": 92400,
    "device": "NVIDIA RTX A4000 Laptop GPU",
    "git_commit": "9a47c8b"
  }
}
