[target] step 200/9360 loss_y=2.2869 loss_d=0.0000 lr=0.00865 (19s)
[target] step 400/9360 loss_y=1.1866 loss_d=0.0000 lr=0.00766 (22s)
[target] step 600/9360 loss_y=0.6052 loss_d=0.0000 lr=0.00690 (47s)
[target] step 800/9360 loss_y=0.2268 loss_d=0.0000 lr=0.00629 (50s)
[target] step 1000/9360 loss_y=0.3242 loss_d=0.0000 lr=0.00580 (76s)
[target] step 1200/9360 loss_y=0.1671 loss_d=0.0000 lr=0.00539 (79s)
[target] step 1400/9360 loss_y=0.1090 loss_d=0.0000 lr=0.00504 (82s)
[target] step 1600/9360 loss_y=0.1161 loss_d=0.0000 lr=0.00474 (107s)
[target] step 1800/9360 loss_y=0.1490 loss_d=0.0000 lr=0.00447 (110s)
[target] step 2000/9360 loss_y=0.1273 loss_d=0.0000 lr=0.00424 (135s)
[target] step 2200/9360 loss_y=0.2222 loss_d=0.0000 lr=0.00404 (138s)
[target] step 2400/9360 loss_y=0.1174 loss_d=0.0000 lr=0.00386 (161s)
[target] step 2600/9360 loss_y=0.0530 loss_d=0.0000 lr=0.00369 (164s)
[target] step 2800/9360 loss_y=0.0758 loss_d=0.0000 lr=0.00354 (167s)
[target] step 3000/9360 loss_y=0.0672 loss_d=0.0000 lr=0.00341 (192s)
[target] step 3200/9360 loss_y=0.1472 loss_d=0.0000 lr=0.00328 (195s)
[target] step 3400/9360 loss_y=0.0954 loss_d=0.0000 lr=0.00317 (220s)
[target] step 3600/9360 loss_y=0.0569 loss_d=0.0000 lr=0.00306 (223s)
[target] step 3800/9360 loss_y=0.1774 loss_d=0.0000 lr=0.00296 (249s)
[target] step 4000/9360 loss_y=0.0887 loss_d=0.0000 lr=0.00287 (252s)
[target] step 4200/9360 loss_y=0.1105 loss_d=0.0000 lr=0.00279 (255s)
[target] step 4400/9360 loss_y=0.0470 loss_d=0.0000 lr=0.00271 (281s)
[target] step 4600/9360 loss_y=0.0912 loss_d=0.0000 lr=0.00264 (284s)
[target] step 4800/9360 loss_y=0.0544 loss_d=0.0000 lr=0.00257 (310s)
[target] step 5000/9360 loss_y=0.1504 loss_d=0.0000 lr=0.00250 (313s)
[target] step 5200/9360 loss_y=0.1265 loss_d=0.0000 lr=0.00244 (338s)
[target] step 5400/9360 loss_y=0.0425 loss_d=0.0000 lr=0.00238 (341s)
[target] step 5600/9360 loss_y=0.0452 loss_d=0.0000 lr=0.00233 (344s)
[target] step 5800/9360 loss_y=0.0283 loss_d=0.0000 lr=0.00228 (368s)
[target] step 6000/9360 loss_y=0.0501 loss_d=0.0000 lr=0.00223 (371s)
[target] step 6200/9360 loss_y=0.0333 loss_d=0.0000 lr=0.00218 (396s)
[target] step 6400/9360 loss_y=0.0603 loss_d=0.0000 lr=0.00214 (398s)
[target] step 6600/9360 loss_y=0.0804 loss_d=0.0000 lr=0.00209 (424s)
[target] step 6800/9360 loss_y=0.1080 loss_d=0.0000 lr=0.00205 (427s)
[target] step 7000/9360 loss_y=0.0664 loss_d=0.0000 lr=0.00201 (430s)
[target] step 7200/9360 loss_y=0.0339 loss_d=0.0000 lr=0.00198 (455s)
[target] step 7400/9360 loss_y=0.0588 loss_d=0.0000 lr=0.00194 (458s)
[target] step 7600/9360 loss_y=0.0366 loss_d=0.0000 lr=0.00191 (487s)
[target] step 7800/9360 loss_y=0.0380 loss_d=0.0000 lr=0.00187 (490s)
[target] step 8000/9360 loss_y=0.0237 loss_d=0.0000 lr=0.00184 (516s)
[target] step 8200/9360 loss_y=0.0268 loss_d=0.0000 lr=0.00181 (518s)
[target] step 8400/9360 loss_y=0.0336 loss_d=0.0000 lr=0.00178 (521s)
[target] step 8600/9360 loss_y=0.0124 loss_d=0.0000 lr=0.00175 (543s)
[target] step 8800/9360 loss_y=0.0514 loss_d=0.0000 lr=0.00173 (546s)
[target] step 9000/9360 loss_y=0.0078 loss_d=0.0000 lr=0.00170 (570s)
[target] step 9200/9360 loss_y=0.0374 loss_d=0.0000 lr=0.00168 (573s)
[target] step 9360/9360 loss_y=0.0145 loss_d=0.0000 lr=0.00166 (575s)
{
  "method": "target",
  "source": "mnist",
  "target": "mnist_m_gen",
  "seed": 43,
  "epochs": 20,
  "steps": 9360,
  "norm": "mean",
  "norm_mean": [
    0.283118,
    0.284857,
    0.257212
  ],
  "clip_grad": null,
  "source_test_acc": 0.9875,
  "target_test_acc": 0.9725,
  "train_seconds": 485.5,
  "environment": {
    "python": "3.14.7",
    "os": "Windows-11-10.0.26200-SP0",
    "torch": "2.14.0+cu130",
    "cuda": "13.0",
    "cudnn": 92400,
    "device": "NVIDIA RTX A4000 Laptop GPU",
    "git_commit": "b9123a4"
  },
  "history": [
    {
      "epoch": 1,
      "step": 468,
      "source_test_acc": 0.799,
      "target_test_acc": 0.7245
    },
    {
      "epoch": 2,
      "step": 936,
      "source_test_acc": 0.9538,
      "target_test_acc": 0.9257
    },
    {
      "epoch": 3,
      "step": 1404,
      "source_test_acc": 0.9708,
      "target_test_acc": 0.9459
    },
    {
      "epoch": 4,
      "step": 1872,
      "source_test_acc": 0.9763,
      "target_test_acc": 0.9517
    },
    {
      "epoch": 5,
      "step": 2340,
      "source_test_acc": 0.976,
      "target_test_acc": 0.9569
    },
    {
      "epoch": 6,
      "step": 2808,
      "source_test_acc": 0.9824,
      "target_test_acc": 0.9626
    },
    {
      "epoch": 7,
      "step": 3276,
      "source_test_acc": 0.9831,
      "target_test_acc": 0.9638
    },
    {
      "epoch": 8,
      "step": 3744,
      "source_test_acc": 0.9823,
      "target_test_acc": 0.9673
    },
    {
      "epoch": 9,
      "step": 4212,
      "source_test_acc": 0.9853,
      "target_test_acc": 0.9674
    },
    {
      "epoch": 10,
      "step": 4680,
      "source_test_acc": 0.9866,
      "target_test_acc": 0.9699
    },
    {
      "epoch": 11,
      "step": 5148,
      "source_test_acc": 0.9867,
      "target_test_acc": 0.9703
    },
    {
      "epoch": 12,
      "step": 5616,
      "source_test_acc": 0.9866,
      "target_test_acc": 0.9711
    },
    {
      "epoch": 13,
      "step": 6084,
      "source_test_acc": 0.9866,
      "target_test_acc": 0.9725
    },
    {
      "epoch": 14,
      "step": 6552,
      "source_test_acc": 0.9878,
      "target_test_acc": 0.9725
    },
    {
      "epoch": 15,
      "step": 7020,
      "source_test_acc": 0.9874,
      "target_test_acc": 0.973
    },
    {
      "epoch": 16,
      "step": 7488,
      "source_test_acc": 0.9881,
      "target_test_acc": 0.9739
    },
    {
      "epoch": 17,
      "step": 7956,
      "source_test_acc": 0.9868,
      "target_test_acc": 0.9732
    },
    {
      "epoch": 18,
      "step": 8424,
      "source_test_acc": 0.9878,
      "target_test_acc": 0.9739
    },
    {
      "epoch": 19,
      "step": 8892,
      "source_test_acc": 0.9874,
      "target_test_acc": 0.9733
    },
    {
      "epoch": 20,
      "step": 9360,
      "source_test_acc": 0.9875,
      "target_test_acc": 0.9725
    }
  ],
  "selected": null
}
